4a81575fe4ebbe193e535e77614c284f3bf2396568a390fc06b4c78e352c50ad